{
    "cmsearch": {
        "content": [
            {
                "cmsearch_deoverlap": [
                    "mgtest_merged.fastq.cmsearch_matches.tbl.deoverlapped:md5,bc0275dfe8459658458b7fe6776fa9ba"
                ]
            }
        ],
        "timestamp": "2023-03-14T14:21:14+0000"
    },
    "cmsearch-deoverlap": {
        "content": [
            {
                "cmsearch_deoverlap": [
                    "mgtest_merged.fastq.cmsearch_matches.tbl.deoverlapped:md5,bc0275dfe8459658458b7fe6776fa9ba"
                ]
            }
        ],
        "timestamp": "2023-03-14T14:21:14+0000"
    }
}