{
    "Report QC and overlap (PE)": {
        "content": [
            {
                "qc_report": [
                    "qc_summary:md5,b9da2b2626d4333d0ef14259fe6b34c6"
                ]
            }
        ],
        "timestamp": "2023-03-30T13:05:29+0000"
    },
    "Report QC (SE)": {
        "content": [
            {
                "qc_report": [
                    "qc_summary:md5,c0a064979f4f08755e4066c3ecfa2fd3"
                ]
            }
        ],
        "timestamp": "2023-03-30T13:05:29+0000"
    }
}