{
    "Report QC and overlap (PE)": {
        "content": [
            {
                "qc_report": [
                    "qc_summary:md5,d48c8112ad51acb074a65bf1b16c3c07"
                ]
            }
        ],
        "timestamp": "2023-03-30T11:21:33+0000"
    },
    "Report QC (SE)": {
        "content": [
            {
                "qc_report": [
                    "qc_summary:md5,dcbd7acdfe6144da0fcc96ec547414c1"
                ]
            }
        ],
        "timestamp": "2023-03-30T11:21:33+0000"
    }
}