{
    "extract models": {
        "content": [
            {
                "ssu_fasta": [
                    "SRR5643986_SSU.fasta:md5,d82551ffe1cbdcf745278eb09199de56"
                ],
                "lsu_fasta": [
                    "SRR5643986_LSU.fasta:md5,a3687de0c0d784f4930bd9c780638bb3"
                ]
            }
        ],
        "timestamp": "2023-03-14T15:05:15+0000"
    }
}