{
    "Fastp Overlap on PE": {
        "content": [
            [
                "example_paired_fastp.overlap.json:md5,b1b54368921808f04265adce4665d83a"
            ],
            [
                "example_paired_merged.fastq.gz:md5,d823093323b70c108b16d15ba488dafd"
            ]
        ],
        "timestamp": "2023-02-24T10:52:02+0000"
    },
    "Fastp QC on SE": {
        "content": [
            [
                "single_fastp.qc.json:md5,38b6c5f6db06091aacb0da1853d12b4a"
            ],
            [
                "single_fastp.fastq.gz:md5,e97dc837b73424fe9df68a0141058172"
            ]
        ],
        "timestamp": "2023-02-24T10:52:02+0000"
    },
    "Fastp QC on PE": {
        "content": [
            [
                "example_paired_fastp.qc.json:md5,120aeb1cb0827ba0e657e5f484b5d56a"
            ],
            [
                [
                    "example_paired_fastp_1.fastq.gz:md5,27375cf65e00163a1c021ec67321be12",
                    "example_paired_fastp_2.fastq.gz:md5,87ec1c8c9542166afaa3e54da50060d8"
                ]
            ]
        ],
        "timestamp": "2023-02-24T10:52:02+0000"
    }
}